
> mern-major-client@1.0.0 build
> vite build

vite v5.4.21 building for production...
transforming...
✓ 22 modules transformed.
x Build failed in 1.36s
error during build:
[vite:esbuild] Transform failed with 1 error:
/home/swagat/Downloads/mernlex/client/src/pages/ProfileSettingsPage.jsx:367:111: ERROR: Expected ">" but found "<"
file: /home/swagat/Downloads/mernlex/client/src/pages/ProfileSettingsPage.jsx:367:111

Expected ">" but found "<"
365|                 <h2 className="text-base font-bold text-slate-100 uppercase tracking-wider">General</h2>
366|               </div>
367|               <p className="text-sm text-slate-400 mb-4">Manage your basic profile information.</p              <div className="grid grid-cols-1 md:grid-cols-2 gap-4">
   |                                                                                                                 ^
368|                  {renderSettingRow(<svg className="h-5 w-5" fill="currentColor" viewBox="0 0 20 20"><path fillRule="evenodd" d="M10 9a3 3 0 100-6 3 3 0 000 6zm-7 9a7 7 0 1114 0H3z" clipRule="evenodd" /></svg>, "Display Name", "name", "Not added yet", "recommended")}
369|                  {renderSettingRow(<svg className="h-5 w-5" fill="none" viewBox="0 0 24 24" stroke="currentColor"><path strokeLinecap="round" strokeLinejoin="round" strokeWidth={2} d="M16 7a4 4 0 11-8 0 4 4 0 018 0zM12 14a7 7 0 00-7 7h14a7 7 0 00-7-7z" /></svg>, "Full Legal Name", "fullName", "Tell us your legal name", "recommended")}

    at failureErrorWithLog (/home/swagat/Downloads/mernlex/client/node_modules/esbuild/lib/main.js:1472:15)
    at /home/swagat/Downloads/mernlex/client/node_modules/esbuild/lib/main.js:755:50
    at responseCallbacks.<computed> (/home/swagat/Downloads/mernlex/client/node_modules/esbuild/lib/main.js:622:9)
    at handleIncomingPacket (/home/swagat/Downloads/mernlex/client/node_modules/esbuild/lib/main.js:677:12)
    at Socket.readFromStdout (/home/swagat/Downloads/mernlex/client/node_modules/esbuild/lib/main.js:600:7)
    at Socket.emit (node:events:508:28)
    at addChunk (node:internal/streams/readable:563:12)
    at readableAddChunkPushByteMode (node:internal/streams/readable:514:3)
    at Readable.push (node:internal/streams/readable:394:5)
    at Pipe.onStreamRead (node:internal/stream_base_commons:189:23)
